// Vitest Snapshot v1, https://vitest.dev/guide/snapshot.html

exports[`renderSessionsTable > emits a stable snapshot for a representative mix 1`] = `
"  ID       NAME      STATUS LAST ACTIVITY
* abcd1234 feature-x idle   2m ago
  ef567890 bugfix-y  idle   15m ago
  12345678 exp-z     idle   3h ago
  9abc0def -         active just now"
`;
